// Jest Snapshot v1, https://goo.gl/fbAQLP

exports[`Testing <OurCoffeePage/> FilterPanel have rendered correctly 1`] = `ShallowWrapper {}`;
